[www.jonahpatenaude.com/index.html]
[backblue.gif]
[fade.gif]
[index.html]
[use.typekit.net/ik/tcUTo1LanhHnoDm78brjPLcmBKNkKrLZBdQ_1fRO7iCfe09IfFHN4UJLFRbh52jhWDjuwD6oFcmKwDqk5QZyFhIUw2bUjAZ8js7dMkG0jAFu-WsoShFGZAsude80ZkoRdhXCHKoyjamTiY8Djhy8ZYmC-Ao1Oco8if37OcBDOcu8OfG0deNKSas8]
[assets.squarespace.com/@sqs/polyfiller/1.6/legacy.js]
[assets.squarespace.com/universal/scripts-compressed/extract-css-runtime-31ee7d724995f5119f895-min.en-US.js]
[assets.squarespace.com/universal/scripts-compressed/cldr-resource-pack-110eab6cc05faf9931604-min.en-US.js]
[assets.squarespace.com/@sqs/polyfiller/1.6/modern.js]
[assets.squarespace.com/universal/scripts-compressed/common-vendors-stable-be2f9c51beac3cb3f9b3e-min.en-US.js]
[assets.squarespace.com/universal/scripts-compressed/extract-css-moment-js-vendor-e67ac5a108455ec4edca7-min.en-US.js]
[assets.squarespace.com/universal/scripts-compressed/performance-ba096594a4268d001b0f6-min.en-US.js]
[static1.squarespace.com/static/versioned-site-css/653896eb39296a7a1041afea/1/5c5a519771c10ba3470d8101/653896eb39296a7a1041aff1/1455/site.css]
[static1.squarespace.com/static/vta/5c5a519771c10ba3470d8101/versioned-assets/1698349959000-0G9AF972YTJ9KP4MJ2JD/static.css]
[www.jonahpatenaude.com/index.html]
[www.jonahpatenaude.com/cart.html]
[static1.squarespace.com/static/vta/5c5a519771c10ba3470d8101/scripts/site-bundle.8c6443f146bfa4988d59d1656613d2fd.js]
[assets.squarespace.com/universal/scripts-compressed/common-vendors-7d5ee1b0daf5d982aab18-min.en-US.js]
[assets.squarespace.com/universal/scripts-compressed/common-c7f81082589c5debb82fc-min.en-US.js]
[assets.squarespace.com/universal/images-v6/damask/error-dark.png]
[assets.squarespace.com/universal/images-v6/damask/error-dark@2x.png]
[assets.squarespace.com/universal/images-v6/damask/play-button.png]
[assets.squarespace.com/universal/images-v6/damask/play-button@2x.png]
[assets.squarespace.com/universal/images-v6/damask/edit-aviary-light.png]
[assets.squarespace.com/universal/images-v6/damask/edit-aviary-light@2x.png]
[assets.squarespace.com/universal/images-v6/damask/edit-info-light.png]
[assets.squarespace.com/universal/images-v6/damask/edit-info-light@2x.png]
[assets.squarespace.com/universal/images-v6/damask/trash-9-light.png]
[assets.squarespace.com/universal/images-v6/damask/trash-9-light@2x.png]
[assets.squarespace.com/universal/images-v6/damask/trash-9-red.png]
[assets.squarespace.com/universal/images-v6/damask/trash-9-red@2x.png]
[assets.squarespace.com/universal/images-v6/damask/getty-16-light.png]
[assets.squarespace.com/universal/images-v6/damask/getty-32-light.png]
[assets.squarespace.com/universal/images-v6/damask/shopping-cart-16-light.png]
[assets.squarespace.com/universal/images-v6/damask/shopping-cart-32-light.png]
[assets.squarespace.com/universal/images-v6/icons/block-indicator-dark.png]
[assets.squarespace.com/universal/images-v6/icons/block-indicator-dark@2x.png]
[assets.squarespace.com/universal/images-v6/icons/opentable-icons.png]
[assets.squarespace.com/universal/images-v6/icons/icon-searchqueries-20-dark.png]
[assets.squarespace.com/universal/images-v6/icons/icon-searchqueries-20-light.png]
[assets.squarespace.com/universal/images-v6/icons/icon-video-24-light-solid.png]
[assets.squarespace.com/universal/images-v6/standard/icon_close_7_light.png]
[assets.squarespace.com/universal/images-v6/icons/icon-settings-16-light.png]
[static1.squarespace.com/static/versioned-site-css/653896eb39296a7a1041afea/1/5c5a519771c10ba3470d8101/653896eb39296a7a1041aff1/1455/site.css]
[static1.squarespace.com/static/vta/5c5a519771c10ba3470d8101/versioned-assets/1698349959000-0G9AF972YTJ9KP4MJ2JD/static.css]
[www.jonahpatenaude.com/cart.html]
